The ``7-base_geometry`` module
================================

Using ``BaseGeometry``
----------------------

Import the class:
>>> BaseGeometry = __import__('7-base_geometry').BaseGeometry

Test instantiation:
>>> bg = BaseGeometry()
>>> type(bg)
<class '7-base_geometry.BaseGeometry'>

Test area() method - should raise Exception:
>>> bg.area()
Traceback (most recent call last):
...
Exception: area() is not implemented

Test integer_validator with one argument:
>>> bg.integer_validator("age")
Traceback (most recent call last):
...
TypeError: integer_validator() missing 1 required positional argument: 'value'

Test integer_validator with valid positive integer:
>>> bg.integer_validator("age", 1)

Test integer_validator with zero:
>>> bg.integer_validator("age", 0)
Traceback (most recent call last):
...
ValueError: age must be greater than 0

Test integer_validator with negative integer:
>>> bg.integer_validator("age", -4)
Traceback (most recent call last):
...
ValueError: age must be greater than 0

Test integer_validator with string:
>>> bg.integer_validator("age", "4")
Traceback (most recent call last):
...
TypeError: age must be an integer

Test integer_validator with tuple:
>>> bg.integer_validator("age", (4,))
Traceback (most recent call last):
...
TypeError: age must be an integer

Test integer_validator with list:
>>> bg.integer_validator("age", [3])
Traceback (most recent call last):
...
TypeError: age must be an integer

Test integer_validator with boolean True:
>>> bg.integer_validator("age", True)
Traceback (most recent call last):
...
TypeError: age must be an integer

Test integer_validator with set:
>>> bg.integer_validator("age", {3, 4})
Traceback (most recent call last):
...
TypeError: age must be an integer

Test integer_validator with None:
>>> bg.integer_validator("age", None)
Traceback (most recent call last):
...
TypeError: age must be an integer

Test integer_validator with multiple valid integers:
>>> bg.integer_validator("my_int", 12)
>>> bg.integer_validator("width", 89)
>>>
